Database rebuilt with 92 wines.

Activity since last refresh:
  New wines (1):
    2023 Domaine Testeur Chablis Premier Cru (qty: 6)
  Removed wines (1):
    2015 Allegrini Allegrini Amarone della Valpolicella Classico (was qty: 1)
  Quantity changes (1):
    NV Billecart-Salmon Billecart-Salmon Champagne Brut Rosé: 8 -> 5