[
  {
    "id": 28,
    "wine_name": "Francis Ford Coppola Rosso",
    "vintage": 1995,
    "producer": "Francis Ford Coppola",
    "varietal": "Zinfandel Blend",
    "color": "Red",
    "country": "USA",
    "region": "California",
    "subregion": "Unknown",
    "quantity": 1,
    "value": 10.8,
    "professional_score": null,
    "begin_consume": 1998,
    "end_consume": 2000
  },
  {
    "id": 88,
    "wine_name": "Tili Assisi Rosso",
    "vintage": 1997,
    "producer": "Tili",
    "varietal": "Pinot Nero",
    "color": "Red",
    "country": "Italy",
    "region": "Umbria",
    "subregion": "Unknown",
    "quantity": 1,
    "value": 97.61,
    "professional_score": null,
    "begin_consume": 2003,
    "end_consume": 2016
  }
]
