Vintage | Wine Name                            | Producer             | Varietal        | Region     | Qty | Score
--------+--------------------------------------+----------------------+-----------------+------------+-----+------
NV      | Billecart-Salmon Champagne Brut Rosé | Billecart-Salmon     | Champagne Blend | Champagne  | 8   | -    
NV      | Piper-Heidsieck Champagne Cuvée 1785 | Piper-Heidsieck      | Champagne Blend | Champagne  | 1   | -    
NV      | Veuve Clicquot Champagne Brut        | Veuve Clicquot       | Champagne Blend | Champagne  | 1   | -    
1995    | Francis Ford Coppola Rosso           | Francis Ford Coppola | Zinfandel Blend | California | 1   | -    
1997    | Tili Assisi Rosso                    | Tili                 | Pinot Nero      | Umbria     | 1   | -    

5 wine(s) found.
