Vintage | Wine Name                                | Producer          | Varietal        | Region     | Qty | Score
--------+------------------------------------------+-------------------+-----------------+------------+-----+------
2016    | 14 Hands Cabernet Sauvignon The Reserve  | 14 Hands          | Cabernet Sauvig | Washington | 1   | -    
2015    | Allegrini Amarone della Valpolicella Cla | Allegrini         | Corvina Blend   | Veneto     | 1   | -    
2011    | Banshee Pinot Noir Sonoma County         | Banshee           | Pinot Noir      | California | 1   | -    
2008    | Beckmen Vineyards Purisima Red Wine Puri | Beckmen Vineyards | Grenache Blend  | California | 1   | -    
NV      | Billecart-Salmon Champagne Brut Rosé     | Billecart-Salmon  | Champagne Blend | Champagne  | 8   | -    

5 wine(s) found.
