Vintage | Wine Name                                | Producer             | Varietal        | Region     | Qty | Score
--------+------------------------------------------+----------------------+-----------------+------------+-----+------
1995    | Francis Ford Coppola Rosso               | Francis Ford Coppola | Zinfandel Blend | California | 1   | 82.0 
2005    | Gloria Ferrer Carneros Cuvée             | Gloria Ferrer        | Champagne Blend | California | 5   | 92.4 
2008    | Beckmen Vineyards Purisima Red Wine Puri | Beckmen Vineyards    | Grenache Blend  | California | 1   | 92.3 

3 wine(s) found.
