Vintage | Wine Name                  | Producer             | Varietal        | Region   | Qty | Score
--------+----------------------------+----------------------+-----------------+----------+-----+------
1998    | Château La Tour Haut-Brion | Château La Tour Haut | Red Bordeaux Bl | Bordeaux | 1   | -    

1 wine(s) found.
