Vintage | Wine Name                                | Producer             | Varietal        | Region     | Qty | Score
--------+------------------------------------------+----------------------+-----------------+------------+-----+------
1995    | Francis Ford Coppola Rosso               | Francis Ford Coppola | Zinfandel Blend | California | 1   | -    
2005    | Gloria Ferrer Carneros Cuvée             | Gloria Ferrer        | Champagne Blend | California | 5   | -    
2008    | Beckmen Vineyards Purisima Red Wine Puri | Beckmen Vineyards    | Grenache Blend  | California | 1   | -    

3 wine(s) found.
