Vintage | Wine Name                    | Producer             | Varietal        | Region     | Qty | Score
--------+------------------------------+----------------------+-----------------+------------+-----+------
1995    | Francis Ford Coppola Rosso   | Francis Ford Coppola | Zinfandel Blend | California | 1   | -    
1997    | Tili Assisi Rosso            | Tili                 | Pinot Nero      | Umbria     | 1   | -    
1997    | Tili Assisi Rosso Riserva    | Tili                 | Red Blend       | Umbria     | 1   | -    
1998    | Château La Tour Haut-Brion   | Château La Tour Haut | Red Bordeaux Bl | Bordeaux   | 1   | -    
2005    | Gloria Ferrer Carneros Cuvée | Gloria Ferrer        | Champagne Blend | California | 5   | -    

5 wine(s) found.
