Vintage | Wine Name                                | Producer             | Varietal        | Region     | Qty | Score
--------+------------------------------------------+----------------------+-----------------+------------+-----+------
2016    | Tenuta San Guido Sassicaia               | Tenuta San Guido     | Red Bordeaux Bl | Tuscany    | 6   | 95.2 
2021    | Brave & Maiden Estate Cabernet Franc Lim | Brave & Maiden Estat | Cabernet Franc  | California | 3   | 94.3 
2016    | Pride Mountain Vineyards Reserve Claret  | Pride Mountain Viney | Red Bordeaux Bl | California | 1   | 94.2 
2016    | Bussia Soprana Barolo Mosconi            | Bussia Soprana       | Nebbiolo        | Piedmont   | 3   | 94.0 
2019    | Patricia Green Cellars Pinot Noir 20th A | Patricia Green Cella | Pinot Noir      | Oregon     | 3   | 94.0 

5 wine(s) found.
